// Vitest Snapshot v1, https://vitest.dev/guide/snapshot.html

exports[`Namespace create helpers > formatLimits > creates valid limits input 1`] = `
{
  "apiVersion": "v1",
  "kind": "LimitRange",
  "metadata": {
    "name": "test-namespace-limits",
    "namespace": "test-namespace",
  },
  "spec": {
    "limits": [
      {
        "default": {
          "memory": "test-default",
        },
        "defaultRequest": {
          "memory": "test-default-request",
        },
        "max": {
          "memory": "test-max",
        },
        "type": "Container",
      },
    ],
  },
}
`;

exports[`Namespace create helpers > formatMemoryQuotas > creates valid memory quotas input 1`] = `
{
  "apiVersion": "v1",
  "kind": "ResourceQuota",
  "metadata": {
    "name": "test-namespace-quotas",
    "namespace": "test-namespace",
  },
  "spec": {
    "hard": {
      "limits.memory": "test-limits",
      "requests.memory": "test-requests",
    },
  },
}
`;

exports[`Namespace create helpers > formatNamespace > creates valid namespace input 1`] = `
{
  "metadata": {
    "labels": {
      "a": "b",
      "c": "d",
    },
    "name": "test-name",
  },
}
`;
