// Jest Snapshot v1, https://goo.gl/fbAQLP

exports[`safeBase64 Encodes and decodes characters 1`] = `"xZs="`;
