// Jest Snapshot v1, https://goo.gl/fbAQLP

exports[`CreateWorkloadForm helpers creates uploadable deployment 1`] = `
Object {
  "apiVersion": "apps/v1",
  "kind": "Deployment",
  "metadata": Object {
    "labels": Object {
      "app": "test-name",
      "test-a": "test-b",
    },
    "name": "test-name",
    "namespace": "test-namespace",
  },
  "spec": Object {
    "replicas": 1,
    "selector": Object {
      "matchLabels": Object {
        "app": "test-name",
        "test-a": "test-b",
      },
    },
    "template": Object {
      "metadata": Object {
        "labels": Object {
          "app": "test-name",
          "test-a": "test-b",
        },
      },
      "spec": Object {
        "containers": Array [
          Object {
            "image": "test-image",
            "name": "test-name",
            "resources": Object {
              "limits": Object {
                "cpu": "1000m",
                "memory": "128Mi",
              },
              "requests": Object {
                "cpu": "51m",
                "memory": "60Mi",
              },
            },
          },
        ],
      },
    },
  },
}
`;

exports[`CreateWorkloadForm helpers creates uploadable service 1`] = `
Object {
  "apiVersion": "v1",
  "kind": "Service",
  "metadata": Object {
    "name": "test-name",
    "namespace": "test-namespace",
  },
  "spec": Object {
    "ports": Array [
      Object {
        "name": "http",
        "port": 80,
        "protocol": "TCP",
        "targetPort": 8080,
      },
    ],
    "selector": Object {
      "app": "test-name",
    },
    "type": "ClusterIP",
  },
}
`;
